Script started on 2023-01-31 11:05:06+05:30 [TERM="xterm-256color" TTY="/dev/pts/0" COLUMNS="156" LINES="40"]
aryan@LAPTOP-LQ8VM2NN:/mnt/e/Programming/os$ mkdir lab2
aryan@LAPTOP-LQ8VM2NN:/mnt/e/Programming/os$ cd lab2
aryan@LAPTOP-LQ8VM2NN:/mnt/e/Programming/os/lab2$ cat > myfile
This a file that would be split.
Random Words.
12 23 2 37813
Hello World!
aryan@LAPTOP-LQ8VM2NN:/mnt/e/Programming/os/lab2$ ls
myfile
aryan@LAPTOP-LQ8VM2NN:/mnt/e/Programming/os/lab2$ man split
aryan@LAPTOP-LQ8VM2NN:/mnt/e/Programming/os/lab2$ split -n 4 myfile
aryan@LAPTOP-LQ8VM2NN:/mnt/e/Programming/os/lab2$ ls
myfile  xaa  xab  xac  xad
aryan@LAPTOP-LQ8VM2NN:/mnt/e/Programming/os/lab2$ man split
aryan@LAPTOP-LQ8VM2NN:/mnt/e/Programming/os/lab2$ cat xaa & cat xab & cat xac & cat xad
[1] 175
[2] 176
[3] 177
This a file that would be split.
Random Words.
12 23 2 37813
Hello World!
[1]   Done                    cat xaa
[2]-  Done                    cat xab
[3]+  Done                    cat xac
aryan@LAPTOP-LQ8VM2NN:/mnt/e/Programming/os/lab2$ cat xaa
This a file that waryan@LAPTOP-LQ8VM2NN:/mnt/e/Programming/os/lab2$ cat xab
ould be split.
Ranaryan@LAPTOP-LQ8VM2NN:/mnt/e/Programming/os/lab2$ cat xac
dom Words.
12 23 2aryan@LAPTOP-LQ8VM2NN:/mnt/e/Programming/os/lab2$ cat xad
 37813
Hello World!
aryan@LAPTOP-LQ8VM2NN:/mnt/e/Programming/os/lab2$ man split
aryan@LAPTOP-LQ8VM2NN:/mnt/e/Programming/os/lab2$ man cut
aryan@LAPTOP-LQ8VM2NN:/mnt/e/Programming/os/lab2$ cat myfile
This a file that would be split.
Random Words.
12 23 2 37813
Hello World!
aryan@LAPTOP-LQ8VM2NN:/mnt/e/Programming/os/lab2$ man cut
aryan@LAPTOP-LQ8VM2NN:/mnt/e/Programming/os/lab2$ cut -c W
cut: invalid byte/character position ‘W’
Try 'cut --help' for more information.
aryan@LAPTOP-LQ8VM2NN:/mnt/e/Programming/os/lab2$ cut -c 'W'
cut: invalid byte/character position ‘W’
Try 'cut --help' for more information.
aryan@LAPTOP-LQ8VM2NN:/mnt/e/Programming/os/lab2$ man cut
aryan@LAPTOP-LQ8VM2NN:/mnt/e/Programming/os/lab2$ cut -c 'W' myfile
cut: invalid byte/character position ‘W’
Try 'cut --help' for more information.
aryan@LAPTOP-LQ8VM2NN:/mnt/e/Programming/os/lab2$ man cut
aryan@LAPTOP-LQ8VM2NN:/mnt/e/Programming/os/lab2$ cut -c [W] myfile
cut: invalid byte/character position ‘[W]’
Try 'cut --help' for more information.
aryan@LAPTOP-LQ8VM2NN:/mnt/e/Programming/os/lab2$ cut -c 2,8,7 myfile
h f
a W
22
eWo
aryan@LAPTOP-LQ8VM2NN:/mnt/e/Programming/os/lab2$ cut -c 1,2,3 myfile
Thi
Ran
12
Hel
aryan@LAPTOP-LQ8VM2NN:/mnt/e/Programming/os/lab2$ cut -f 1,2,3 myfile
This a file that would be split.
Random Words.
12 23 2 37813
Hello World!
aryan@LAPTOP-LQ8VM2NN:/mnt/e/Programming/os/lab2$ cut -f 1,3 myfile
This a file that would be split.
Random Words.
12 23 2 37813
Hello World!
aryan@LAPTOP-LQ8VM2NN:/mnt/e/Programming/os/lab2$ cut -f 1,3 -d ' ' myfile
This file
Random
12 2
Hello
aryan@LAPTOP-LQ8VM2NN:/mnt/e/Programming/os/lab2$ whatis bc
bc (1)               - An arbitrary precision calculator language
aryan@LAPTOP-LQ8VM2NN:/mnt/e/Programming/os/lab2$ bc
bc 1.07.1
Copyright 1991-1994, 1997, 1998, 2000, 2004, 2006, 2008, 2012-2017 Free Software Foundation, Inc.
This is free software with ABSOLUTELY NO WARRANTY.
For details type `warranty'.
1+2
3
1*2+9-5
6
aryan@LAPTOP-LQ8VM2NN:/mnt/e/Programming/os/lab2$ whatis expr
expr (1)             - evaluate expressions
aryan@LAPTOP-LQ8VM2NN:/mnt/e/Programming/os/lab2$ man expr
aryan@LAPTOP-LQ8VM2NN:/mnt/e/Programming/os/lab2$ man expr
aryan@LAPTOP-LQ8VM2NN:/mnt/e/Programming/os/lab2$ expr 1+2
1+2
aryan@LAPTOP-LQ8VM2NN:/mnt/e/Programming/os/lab2$ expr 1&3
[1] 319
1
3: command not found
[1]+  Done                    expr 1
aryan@LAPTOP-LQ8VM2NN:/mnt/e/Programming/os/lab2$ man expr
aryan@LAPTOP-LQ8VM2NN:/mnt/e/Programming/os/lab2$ expr 1<2
bash: 2: No such file or directory
aryan@LAPTOP-LQ8VM2NN:/mnt/e/Programming/os/lab2$ man expr
aryan@LAPTOP-LQ8VM2NN:/mnt/e/Programming/os/lab2$ expr 1\<2
1<2
aryan@LAPTOP-LQ8VM2NN:/mnt/e/Programming/os/lab2$ expr 2\<1
2<1
aryan@LAPTOP-LQ8VM2NN:/mnt/e/Programming/os/lab2$ expr 12 + 8
20
aryan@LAPTOP-LQ8VM2NN:/mnt/e/Programming/os/lab2$ expr 12+8
12+8
aryan@LAPTOP-LQ8VM2NN:/mnt/e/Programming/os/lab2$ expr 2 \< 1
0
aryan@LAPTOP-LQ8VM2NN:/mnt/e/Programming/os/lab2$ expr 1 \< 2
1
aryan@LAPTOP-LQ8VM2NN:/mnt/e/Programming/os/lab2$ man tr
aryan@LAPTOP-LQ8VM2NN:/mnt/e/Programming/os/lab2$ cat myfile
This a file that would be split.
Random Words.
12 23 2 37813
Hello World!
aryan@LAPTOP-LQ8VM2NN:/mnt/e/Programming/os/lab2$ tr Ran Dan > myfile
^C
aryan@LAPTOP-LQ8VM2NN:/mnt/e/Programming/os/lab2$ tr -s Ran Dan > myfile
^C
aryan@LAPTOP-LQ8VM2NN:/mnt/e/Programming/os/lab2$ cat myfile
aryan@LAPTOP-LQ8VM2NN:/mnt/e/Programming/os/lab2$ cat >> myfile
This a file that would be split.
Random Words.
12 23 2 37813
Hello World!
aryan@LAPTOP-LQ8VM2NN:/mnt/e/Programming/os/lab2$ tr -s Ran Dan > myfile
^C
aryan@LAPTOP-LQ8VM2NN:/mnt/e/Programming/os/lab2$ cat myfile
aryan@LAPTOP-LQ8VM2NN:/mnt/e/Programming/os/lab2$ cat >> myfile
This a file that would be split.
Random Words.
12 23 2 37813
Hello World!
aryan@LAPTOP-LQ8VM2NN:/mnt/e/Programming/os/lab2$ tr -s "Ran" "Dan" > myfile
^C
aryan@LAPTOP-LQ8VM2NN:/mnt/e/Programming/os/lab2$ cat >> myfile
This a file that would be split.
Random Words.
12 23 2 37813
Hello World!
aryan@LAPTOP-LQ8VM2NN:/mnt/e/Programming/os/lab2$ tr -s [R,a,n] [D,a,n] > myfile
^C
aryan@LAPTOP-LQ8VM2NN:/mnt/e/Programming/os/lab2$ cat >> myfile
This a file that would be split.
Random Words.
12 23 2 37813
Hello World!
aryan@LAPTOP-LQ8VM2NN:/mnt/e/Programming/os/lab2$ tr Ran Dan > myfile
^C
aryan@LAPTOP-LQ8VM2NN:/mnt/e/Programming/os/lab2$ cat >> myfile
This a file that would be split.
Random Words.
12 23 2 37813
Hello World!
aryan@LAPTOP-LQ8VM2NN:/mnt/e/Programming/os/lab2$ cat myfile
This a file that would be split.
Random Words.
12 23 2 37813
Hello World!
aryan@LAPTOP-LQ8VM2NN:/mnt/e/Programming/os/lab2$ tr 'Ran' 'Dan' > myfile
skfhsdk
aryan@LAPTOP-LQ8VM2NN:/mnt/e/Programming/os/lab2$ cat myfile
skfhsdk
aryan@LAPTOP-LQ8VM2NN:/mnt/e/Programming/os/lab2$ tr 'Ran' 'Dan' > myfile
Random
aryan@LAPTOP-LQ8VM2NN:/mnt/e/Programming/os/lab2$ cat myfile
Dandom
aryan@LAPTOP-LQ8VM2NN:/mnt/e/Programming/os/lab2$ exit

Script done on 2023-01-31 11:44:44+05:30 [COMMAND_EXIT_CODE="0"]


cat: typescript: No such file or directory
aryan@LAPTOP-LQ8VM2NN:/mnt/e/Programming$ cd os
aryan@LAPTOP-LQ8VM2NN:/mnt/e/Programming/os$ cat typescript
Script started on 2023-02-07 10:12:15+05:30 [TERM="xterm-256color" TTY="/dev/pts/0" COLUMNS="120" LINES="30"]
aryan@LAPTOP-LQ8VM2NN:/mnt/e/Programming/os$ cd lab2
aryan@LAPTOP-LQ8VM2NN:/mnt/e/Programming/os/lab2$ cat > myfile2
This is the old file that will have old replaced in it.
aryan@LAPTOP-LQ8VM2NN:/mnt/e/Programming/os/lab2$ cat myfile2 | tr old new | cat > convfile
aryan@LAPTOP-LQ8VM2NN:/mnt/e/Programming/os/lab2$ ls
convfile  log.txt  myfile  myfile2  xaa  xab  xac  xad
aryan@LAPTOP-LQ8VM2NN:/mnt/e/Programming/os/lab2$ cat convfile
This is the new fiee that wiee have new repeacew in it.
aryan@LAPTOP-LQ8VM2NN:/mnt/e/Programming/os/lab2$ echo "tr replaces letter by letter"
tr replaces letter by letter
aryan@LAPTOP-LQ8VM2NN:/mnt/e/Programming/os/lab2$ cat myfile2 | tr ol new | cat > convfile
aryan@LAPTOP-LQ8VM2NN:/mnt/e/Programming/os/lab2$ cat convfile
This is the ned fiee that wiee have ned repeaced in it.
aryan@LAPTOP-LQ8VM2NN:/mnt/e/Programming/os/lab2$ cat myfile2 | tr oldt new | cat > convfile
aryan@LAPTOP-LQ8VM2NN:/mnt/e/Programming/os/lab2$ cat convfile
aryan@LAPTOP-LQ8VM2NN:/mnt/e/Programming/os/lab2$ echo "If letters to be replaced are more than the letter used as replacement then the last letter is used to replace the extra letters"
If letters to be replaced are more than the letter used as replacement then the last letter is used to replace the extra letters
aryan@LAPTOP-LQ8VM2NN:/mnt/e/Programming/os/lab2$ cat convfile
This is whe new fiee whaw wiee have new repeacew in iw.


Script started on 2023-02-07 10:20:56+05:30 [TERM="xterm-256color" TTY="/dev/pts/0" COLUMNS="120" LINES="30"]
aryan@LAPTOP-LQ8VM2NN:/mnt/e/Programming/os$ cd lab2
aryan@LAPTOP-LQ8VM2NN:/mnt/e/Programming/os/lab2$ cat myfile2 | grep old
This is the old file that will have old replaced in it.
aryan@LAPTOP-LQ8VM2NN:/mnt/e/Programming/os/lab2$ cal 2023
                            2023
      January               February               March
Su Mo Tu We Th Fr Sa  Su Mo Tu We Th Fr Sa  Su Mo Tu We Th Fr Sa
 1  2  3  4  5  6  7            1  2  3  4            1  2  3  4
 8  9 10 11 12 13 14   5  6  7  8  9 10 11   5  6  7  8  9 10 11
15 16 17 18 19 20 21  12 13 14 15 16 17 18  12 13 14 15 16 17 18
22 23 24 25 26 27 28  19 20 21 22 23 24 25  19 20 21 22 23 24 25
29 30 31              26 27 28              26 27 28 29 30 31


       April                  May                   June
Su Mo Tu We Th Fr Sa  Su Mo Tu We Th Fr Sa  Su Mo Tu We Th Fr Sa
                   1      1  2  3  4  5  6               1  2  3
 2  3  4  5  6  7  8   7  8  9 10 11 12 13   4  5  6  7  8  9 10
 9 10 11 12 13 14 15  14 15 16 17 18 19 20  11 12 13 14 15 16 17
16 17 18 19 20 21 22  21 22 23 24 25 26 27  18 19 20 21 22 23 24
23 24 25 26 27 28 29  28 29 30 31           25 26 27 28 29 30
30

        July                 August              September
Su Mo Tu We Th Fr Sa  Su Mo Tu We Th Fr Sa  Su Mo Tu We Th Fr Sa
                   1         1  2  3  4  5                  1  2
 2  3  4  5  6  7  8   6  7  8  9 10 11 12   3  4  5  6  7  8  9
 9 10 11 12 13 14 15  13 14 15 16 17 18 19  10 11 12 13 14 15 16
16 17 18 19 20 21 22  20 21 22 23 24 25 26  17 18 19 20 21 22 23
23 24 25 26 27 28 29  27 28 29 30 31        24 25 26 27 28 29 30
30 31

      October               November              December
Su Mo Tu We Th Fr Sa  Su Mo Tu We Th Fr Sa  Su Mo Tu We Th Fr Sa
 1  2  3  4  5  6  7            1  2  3  4                  1  2
 8  9 10 11 12 13 14   5  6  7  8  9 10 11   3  4  5  6  7  8  9
15 16 17 18 19 20 21  12 13 14 15 16 17 18  10 11 12 13 14 15 16
22 23 24 25 26 27 28  19 20 21 22 23 24 25  17 18 19 20 21 22 23
29 30 31              26 27 28 29 30        24 25 26 27 28 29 30
                                            31
aryan@LAPTOP-LQ8VM2NN:/mnt/e/Programming/os/lab2$ ncal
    February 2023
Su     5 12 19 26
Mo     6 13 20 27
Tu     7 14 21 28
We  1  8 15 22
Th  2  9 16 23
Fr  3 10 17 24
Sa  4 11 18 25
aryan@LAPTOP-LQ8VM2NN:/mnt/e/Programming/os/lab2$ umask
0022
aryan@LAPTOP-LQ8VM2NN:/mnt/e/Programming/os/lab2$ man umask
aryan@LAPTOP-LQ8VM2NN:/mnt/e/Programming/os/lab2$ man chmod
aryan@LAPTOP-LQ8VM2NN:/mnt/e/Programming/os/lab2$ ls
convfile  log.txt  myfile  myfile2  xaa  xab  xac  xad
aryan@LAPTOP-LQ8VM2NN:/mnt/e/Programming/os/lab2$ ls -l
total 8
-rwxrwxrwx 1 aryan aryan   56 Feb  7 10:15 convfile
-rwxrwxrwx 1 aryan aryan 8160 Feb  7 10:18 log.txt
-rwxrwxrwx 1 aryan aryan    8 Feb  2 14:24 myfile
-rwxrwxrwx 1 aryan aryan   56 Feb  7 10:13 myfile2
-rwxrwxrwx 1 aryan aryan   18 Feb  2 14:24 xaa
-rwxrwxrwx 1 aryan aryan   19 Feb  2 14:24 xab
-rwxrwxrwx 1 aryan aryan   19 Feb  2 14:24 xac
-rwxrwxrwx 1 aryan aryan   22 Feb  2 14:24 xad
aryan@LAPTOP-LQ8VM2NN:/mnt/e/Programming/os/lab2$ ls
convfile  log.txt  myfile  myfile2  xaa  xab  xac  xad
aryan@LAPTOP-LQ8VM2NN:/mnt/e/Programming/os/lab2$ man chmod
aryan@LAPTOP-LQ8VM2NN:/mnt/e/Programming/os/lab2$ chmod 100 myfile
aryan@LAPTOP-LQ8VM2NN:/mnt/e/Programming/os/lab2$ ls -l
total 8
-rwxrwxrwx 1 aryan aryan   56 Feb  7 10:15 convfile
-rwxrwxrwx 1 aryan aryan 8160 Feb  7 10:18 log.txt
-r-xr-xr-x 1 aryan aryan    8 Feb  2 14:24 myfile
-rwxrwxrwx 1 aryan aryan   56 Feb  7 10:13 myfile2
-rwxrwxrwx 1 aryan aryan   18 Feb  2 14:24 xaa
-rwxrwxrwx 1 aryan aryan   19 Feb  2 14:24 xab
-rwxrwxrwx 1 aryan aryan   19 Feb  2 14:24 xac
-rwxrwxrwx 1 aryan aryan   22 Feb  2 14:24 xad
aryan@LAPTOP-LQ8VM2NN:/mnt/e/Programming/os/lab2$ chmod u=r myfile
aryan@LAPTOP-LQ8VM2NN:/mnt/e/Programming/os/lab2$ ls -l
total 8
-rwxrwxrwx 1 aryan aryan   56 Feb  7 10:15 convfile
-rwxrwxrwx 1 aryan aryan 8160 Feb  7 10:18 log.txt
-r-xr-xr-x 1 aryan aryan    8 Feb  2 14:24 myfile
-rwxrwxrwx 1 aryan aryan   56 Feb  7 10:13 myfile2
-rwxrwxrwx 1 aryan aryan   18 Feb  2 14:24 xaa
-rwxrwxrwx 1 aryan aryan   19 Feb  2 14:24 xab
-rwxrwxrwx 1 aryan aryan   19 Feb  2 14:24 xac
-rwxrwxrwx 1 aryan aryan   22 Feb  2 14:24 xad
aryan@LAPTOP-LQ8VM2NN:/mnt/e/Programming/os/lab2$ echo "This should fail"
This should fail
aryan@LAPTOP-LQ8VM2NN:/mnt/e/Programming/os/lab2$ cat >> myfile
bash: myfile: Permission denied
aryan@LAPTOP-LQ8VM2NN:/mnt/e/Programming/os/lab2$ chmod 777 myfile
aryan@LAPTOP-LQ8VM2NN:/mnt/e/Programming/os/lab2$ ls -l
total 8
-rwxrwxrwx 1 aryan aryan   56 Feb  7 10:15 convfile
-rwxrwxrwx 1 aryan aryan 8160 Feb  7 10:18 log.txt
-rwxrwxrwx 1 aryan aryan    8 Feb  2 14:24 myfile
-rwxrwxrwx 1 aryan aryan   56 Feb  7 10:13 myfile2
-rwxrwxrwx 1 aryan aryan   18 Feb  2 14:24 xaa
-rwxrwxrwx 1 aryan aryan   19 Feb  2 14:24 xab
-rwxrwxrwx 1 aryan aryan   19 Feb  2 14:24 xac
-rwxrwxrwx 1 aryan aryan   22 Feb  2 14:24 xad
aryan@LAPTOP-LQ8VM2NN:/mnt/e/Programming/os/lab2$ cat >> myfile
It works now
aryan@LAPTOP-LQ8VM2NN:/mnt/e/Programming/os/lab2$ man gzip
aryan@LAPTOP-LQ8VM2NN:/mnt/e/Programming/os/lab2$ gzip myfile
aryan@LAPTOP-LQ8VM2NN:/mnt/e/Programming/os/lab2$ ls
convfile  log.txt  myfile.gz  myfile2  xaa  xab  xac  xad
aryan@LAPTOP-LQ8VM2NN:/mnt/e/Programming/os/lab2$ ls -ll
total 8
-rwxrwxrwx 1 aryan aryan   56 Feb  7 10:15 convfile
-rwxrwxrwx 1 aryan aryan 8160 Feb  7 10:18 log.txt
-rwxrwxrwx 1 aryan aryan   48 Feb  7 10:33 myfile.gz
-rwxrwxrwx 1 aryan aryan   56 Feb  7 10:13 myfile2
-rwxrwxrwx 1 aryan aryan   18 Feb  2 14:24 xaa
-rwxrwxrwx 1 aryan aryan   19 Feb  2 14:24 xab
-rwxrwxrwx 1 aryan aryan   19 Feb  2 14:24 xac
-rwxrwxrwx 1 aryan aryan   22 Feb  2 14:24 xad
aryan@LAPTOP-LQ8VM2NN:/mnt/e/Programming/os/lab2$ gzip log.txt
aryan@LAPTOP-LQ8VM2NN:/mnt/e/Programming/os/lab2$ ls -ll
total 4
-rwxrwxrwx 1 aryan aryan   56 Feb  7 10:15 convfile
-rwxrwxrwx 1 aryan aryan 1326 Feb  7 10:18 log.txt.gz
-rwxrwxrwx 1 aryan aryan   48 Feb  7 10:33 myfile.gz
-rwxrwxrwx 1 aryan aryan   56 Feb  7 10:13 myfile2
-rwxrwxrwx 1 aryan aryan   18 Feb  2 14:24 xaa
-rwxrwxrwx 1 aryan aryan   19 Feb  2 14:24 xab
-rwxrwxrwx 1 aryan aryan   19 Feb  2 14:24 xac
-rwxrwxrwx 1 aryan aryan   22 Feb  2 14:24 xad
aryan@LAPTOP-LQ8VM2NN:/mnt/e/Programming/os/lab2$ cp log.txt.gz log.gz
aryan@LAPTOP-LQ8VM2NN:/mnt/e/Programming/os/lab2$ gzip -d log.gz
aryan@LAPTOP-LQ8VM2NN:/mnt/e/Programming/os/lab2$ ls
convfile  log  log.txt.gz  myfile.gz  myfile2  xaa  xab  xac  xad
aryan@LAPTOP-LQ8VM2NN:/mnt/e/Programming/os/lab2$ mv log log.txt
aryan@LAPTOP-LQ8VM2NN:/mnt/e/Programming/os/lab2$ ls
convfile  log.txt  log.txt.gz  myfile.gz  myfile2  xaa  xab  xac  xad
aryan@LAPTOP-LQ8VM2NN:/mnt/e/Programming/os/lab2$ ls -ll
total 12
-rwxrwxrwx 1 aryan aryan   56 Feb  7 10:15 convfile
-rwxrwxrwx 1 aryan aryan 8160 Feb  7 10:35 log.txt
-rwxrwxrwx 1 aryan aryan 1326 Feb  7 10:18 log.txt.gz
-rwxrwxrwx 1 aryan aryan   48 Feb  7 10:33 myfile.gz
-rwxrwxrwx 1 aryan aryan   56 Feb  7 10:13 myfile2
-rwxrwxrwx 1 aryan aryan   18 Feb  2 14:24 xaa
-rwxrwxrwx 1 aryan aryan   19 Feb  2 14:24 xab
-rwxrwxrwx 1 aryan aryan   19 Feb  2 14:24 xac
-rwxrwxrwx 1 aryan aryan   22 Feb  2 14:24 xad
aryan@LAPTOP-LQ8VM2NN:/mnt/e/Programming/os/lab2$ man tar
aryan@LAPTOP-LQ8VM2NN:/mnt/e/Programming/os/lab2$ tar -c *
tar: Refusing to write archive contents to terminal (missing -f option?)
tar: Error is not recoverable: exiting now
aryan@LAPTOP-LQ8VM2NN:/mnt/e/Programming/os/lab2$ tar -c log.txt
tar: Refusing to write archive contents to terminal (missing -f option?)
tar: Error is not recoverable: exiting now
aryan@LAPTOP-LQ8VM2NN:/mnt/e/Programming/os/lab2$ man tar
aryan@LAPTOP-LQ8VM2NN:/mnt/e/Programming/os/lab2$ tar -c -f folder *
aryan@LAPTOP-LQ8VM2NN:/mnt/e/Programming/os/lab2$ ls
convfile  folder  log.txt  log.txt.gz  myfile.gz  myfile2  xaa  xab  xac  xad
aryan@LAPTOP-LQ8VM2NN:/mnt/e/Programming/os/lab2$ tar -c -f folder.tar *
aryan@LAPTOP-LQ8VM2NN:/mnt/e/Programming/os/lab2$ tar -c -f folder.tar * | mv folder.tar ../folder.tar
mv: cannot stat 'folder.tar': No such file or directory
aryan@LAPTOP-LQ8VM2NN:/mnt/e/Programming/os/lab2$ ls
convfile  folder.tar  log.txt  log.txt.gz  myfile.gz  myfile2  xaa  xab  xac  xad
aryan@LAPTOP-LQ8VM2NN:/mnt/e/Programming/os/lab2$ tar -c -f folder.tar * | mv folder.tar '../folder.tar'
tar: folder.tar: file is the archive; not dumped
aryan@LAPTOP-LQ8VM2NN:/mnt/e/Programming/os/lab2$ rm folder.tar
aryan@LAPTOP-LQ8VM2NN:/mnt/e/Programming/os/lab2$ tar -c -f folder.tar * | mv folder.tar '../folder.tar'
mv: cannot stat 'folder.tar': No such file or directory
aryan@LAPTOP-LQ8VM2NN:/mnt/e/Programming/os/lab2$ mv folder.tar '../folder.tar'
aryan@LAPTOP-LQ8VM2NN:/mnt/e/Programming/os/lab2$ ls
convfile  log.txt  log.txt.gz  myfile.gz  myfile2  xaa  xab  xac  xad
aryan@LAPTOP-LQ8VM2NN:/mnt/e/Programming/os/lab2$ cd ..
aryan@LAPTOP-LQ8VM2NN:/mnt/e/Programming/os$ ls
UE213020  folder.tar  lab2  typescript  typescript2
aryan@LAPTOP-LQ8VM2NN:/mnt/e/Programming/os$ cd lab2
aryan@LAPTOP-LQ8VM2NN:/mnt/e/Programming/os/lab2$ whatis adduser
adduser (8)          - add a user or group to the system
aryan@LAPTOP-LQ8VM2NN:/mnt/e/Programming/os/lab2$ whatis useradd
useradd (8)          - create a new user or update default new user information
aryan@LAPTOP-LQ8VM2NN:/mnt/e/Programming/os/lab2$ adduser
adduser: Only root may add a user or group to the system.
aryan@LAPTOP-LQ8VM2NN:/mnt/e/Programming/os/lab2$ man adduser
aryan@LAPTOP-LQ8VM2NN:/mnt/e/Programming/os/lab2$ sudo adduser newguy
[sudo] password for aryan:
Adding user `newguy' ...
Adding new group `newguy' (1002) ...
Adding new user `newguy' (1001) with group `newguy' ...
Creating home directory `/home/newguy' ...
Copying files from `/etc/skel' ...
New password:
Retype new password:
passwd: password updated successfully
Changing the user information for newguy
Enter the new value, or press ENTER for the default
        Full Name []: Guy
        Room Number []:
        Work Phone []:
        Home Phone []:
        Other []:
Is the information correct? [Y/n] Y
aryan@LAPTOP-LQ8VM2NN:/mnt/e/Programming/os/lab2$ su -newguy
su: invalid option -- 'n'
Try 'su --help' for more information.
aryan@LAPTOP-LQ8VM2NN:/mnt/e/Programming/os/lab2$ su - newguy
Password:
Welcome to Ubuntu 20.04.5 LTS (GNU/Linux 5.15.79.1-microsoft-standard-WSL2 x86_64)

 * Documentation:  https://help.ubuntu.com
 * Management:     https://landscape.canonical.com
 * Support:        https://ubuntu.com/advantage

  System information as of Tue Feb  7 10:44:30 IST 2023

  System load:  0.01                Processes:             13
  Usage of /:   0.4% of 1006.85GB   Users logged in:       0
  Memory usage: 11%                 IPv4 address for eth0: 172.22.234.101
  Swap usage:   0%


0 updates can be applied immediately.


The list of available updates is more than a week old.
To check for new updates run: sudo apt update


This message is shown once a day. To disable it please create the
/home/newguy/.hushlogin file.
newguy@LAPTOP-LQ8VM2NN:~$ whoami
newguy
newguy@LAPTOP-LQ8VM2NN:~$ exit
logout
aryan@LAPTOP-LQ8VM2NN:/mnt/e/Programming/os/lab2$ deluser
/usr/sbin/deluser: Only root may remove a user or group from the system.
aryan@LAPTOP-LQ8VM2NN:/mnt/e/Programming/os/lab2$ sudo deluser
Enter a user name to remove: newguy
Removing user `newguy' ...
Warning: group `newguy' has no more members.
Done.
aryan@LAPTOP-LQ8VM2NN:/mnt/e/Programming/os/lab2$ su - newguy
su: user newguy does not exist
aryan@LAPTOP-LQ8VM2NN:/mnt/e/Programming/os/lab2$ man ulimit
aryan@LAPTOP-LQ8VM2NN:/mnt/e/Programming/os/lab2$ exit

Script done on 2023-02-07 10:46:36+05:30 [COMMAND_EXIT_CODE="0"]